###############################################################################
#                                                                             #
# IAR ELF Linker V6.30.1.53127/W32 for ARM              29/May/2014  10:19:36 #
# Copyright 2007-2011 IAR Systems AB.                                         #
#                                                                             #
#    Output file  =  F:\Users\Android\Documents\GitHub\src_docs\Wireless_data #
#                    _Send\LED_DRIVER_STM32F107\Project\Template\EWARMv5\STM3 #
#                    210C-EVAL\Exe\STM3210E-EVAL.out                          #
#    Map file     =  F:\Users\Android\Documents\GitHub\src_docs\Wireless_data #
#                    _Send\LED_DRIVER_STM32F107\Project\Template\EWARMv5\STM3 #
#                    210C-EVAL\List\STM3210E-EVAL.map                         #
#    Command line =  F:\Users\Android\Documents\GitHub\src_docs\Wireless_data #
#                    _Send\LED_DRIVER_STM32F107\Project\Template\EWARMv5\STM3 #
#                    210C-EVAL\Obj\core_cm3.o F:\Users\Android\Documents\GitH #
#                    ub\src_docs\Wireless_data_Send\LED_DRIVER_STM32F107\Proj #
#                    ect\Template\EWARMv5\STM3210C-EVAL\Obj\hw_config.o       #
#                    F:\Users\Android\Documents\GitHub\src_docs\Wireless_data #
#                    _Send\LED_DRIVER_STM32F107\Project\Template\EWARMv5\STM3 #
#                    210C-EVAL\Obj\main.o F:\Users\Android\Documents\GitHub\s #
#                    rc_docs\Wireless_data_Send\LED_DRIVER_STM32F107\Project\ #
#                    Template\EWARMv5\STM3210C-EVAL\Obj\misc.o                #
#                    F:\Users\Android\Documents\GitHub\src_docs\Wireless_data #
#                    _Send\LED_DRIVER_STM32F107\Project\Template\EWARMv5\STM3 #
#                    210C-EVAL\Obj\startup_stm32f10x_hd.o                     #
#                    F:\Users\Android\Documents\GitHub\src_docs\Wireless_data #
#                    _Send\LED_DRIVER_STM32F107\Project\Template\EWARMv5\STM3 #
#                    210C-EVAL\Obj\stm32f10x_adc.o                            #
#                    F:\Users\Android\Documents\GitHub\src_docs\Wireless_data #
#                    _Send\LED_DRIVER_STM32F107\Project\Template\EWARMv5\STM3 #
#                    210C-EVAL\Obj\stm32f10x_bkp.o                            #
#                    F:\Users\Android\Documents\GitHub\src_docs\Wireless_data #
#                    _Send\LED_DRIVER_STM32F107\Project\Template\EWARMv5\STM3 #
#                    210C-EVAL\Obj\stm32f10x_can.o                            #
#                    F:\Users\Android\Documents\GitHub\src_docs\Wireless_data #
#                    _Send\LED_DRIVER_STM32F107\Project\Template\EWARMv5\STM3 #
#                    210C-EVAL\Obj\stm32f10x_dac.o                            #
#                    F:\Users\Android\Documents\GitHub\src_docs\Wireless_data #
#                    _Send\LED_DRIVER_STM32F107\Project\Template\EWARMv5\STM3 #
#                    210C-EVAL\Obj\stm32f10x_dma.o                            #
#                    F:\Users\Android\Documents\GitHub\src_docs\Wireless_data #
#                    _Send\LED_DRIVER_STM32F107\Project\Template\EWARMv5\STM3 #
#                    210C-EVAL\Obj\stm32f10x_exti.o                           #
#                    F:\Users\Android\Documents\GitHub\src_docs\Wireless_data #
#                    _Send\LED_DRIVER_STM32F107\Project\Template\EWARMv5\STM3 #
#                    210C-EVAL\Obj\stm32f10x_fsmc.o                           #
#                    F:\Users\Android\Documents\GitHub\src_docs\Wireless_data #
#                    _Send\LED_DRIVER_STM32F107\Project\Template\EWARMv5\STM3 #
#                    210C-EVAL\Obj\stm32f10x_gpio.o                           #
#                    F:\Users\Android\Documents\GitHub\src_docs\Wireless_data #
#                    _Send\LED_DRIVER_STM32F107\Project\Template\EWARMv5\STM3 #
#                    210C-EVAL\Obj\stm32f10x_it.o                             #
#                    F:\Users\Android\Documents\GitHub\src_docs\Wireless_data #
#                    _Send\LED_DRIVER_STM32F107\Project\Template\EWARMv5\STM3 #
#                    210C-EVAL\Obj\stm32f10x_pwr.o                            #
#                    F:\Users\Android\Documents\GitHub\src_docs\Wireless_data #
#                    _Send\LED_DRIVER_STM32F107\Project\Template\EWARMv5\STM3 #
#                    210C-EVAL\Obj\stm32f10x_rcc.o                            #
#                    F:\Users\Android\Documents\GitHub\src_docs\Wireless_data #
#                    _Send\LED_DRIVER_STM32F107\Project\Template\EWARMv5\STM3 #
#                    210C-EVAL\Obj\stm32f10x_rtc.o                            #
#                    F:\Users\Android\Documents\GitHub\src_docs\Wireless_data #
#                    _Send\LED_DRIVER_STM32F107\Project\Template\EWARMv5\STM3 #
#                    210C-EVAL\Obj\stm32f10x_spi.o                            #
#                    F:\Users\Android\Documents\GitHub\src_docs\Wireless_data #
#                    _Send\LED_DRIVER_STM32F107\Project\Template\EWARMv5\STM3 #
#                    210C-EVAL\Obj\stm32f10x_tim.o                            #
#                    F:\Users\Android\Documents\GitHub\src_docs\Wireless_data #
#                    _Send\LED_DRIVER_STM32F107\Project\Template\EWARMv5\STM3 #
#                    210C-EVAL\Obj\stm32f10x_usart.o                          #
#                    F:\Users\Android\Documents\GitHub\src_docs\Wireless_data #
#                    _Send\LED_DRIVER_STM32F107\Project\Template\EWARMv5\STM3 #
#                    210C-EVAL\Obj\system_stm32f10x.o --redirect              #
#                    _Printf=_PrintfFull --redirect _Scanf=_ScanfFull -o      #
#                    F:\Users\Android\Documents\GitHub\src_docs\Wireless_data #
#                    _Send\LED_DRIVER_STM32F107\Project\Template\EWARMv5\STM3 #
#                    210C-EVAL\Exe\STM3210E-EVAL.out --map                    #
#                    F:\Users\Android\Documents\GitHub\src_docs\Wireless_data #
#                    _Send\LED_DRIVER_STM32F107\Project\Template\EWARMv5\STM3 #
#                    210C-EVAL\List\STM3210E-EVAL.map --config                #
#                    F:\Users\Android\Documents\GitHub\src_docs\Wireless_data #
#                    _Send\LED_DRIVER_STM32F107\Project\Template\EWARMv5\STM3 #
#                    2F10x_FLASH.icf --semihosting --entry                    #
#                    __iar_program_start --vfe                                #
#                                                                             #
#                                                                             #
###############################################################################

*******************************************************************************
*** RUNTIME MODEL ATTRIBUTES
***

CppFlavor       = *
__SystemLibrary = DLib


*******************************************************************************
*** PLACEMENT SUMMARY
***

"A1":  place at 0x08000000 { ro section .intvec };
"P1":  place in [from 0x08000000 to 0x0807ffff] { ro };
"P2":  place in [from 0x20000000 to 0x2000ffff] { rw, block CSTACK, block HEAP };

  Section            Kind        Address    Size  Object
  -------            ----        -------    ----  ------
"A1":                                      0x130
  .intvec            ro code  0x08000000   0x130  startup_stm32f10x_hd.o [1]
                            - 0x08000130   0x130

"P1":                                     0x11d4
  .text              ro code  0x08000130   0x468  main.o [1]
  .text              ro code  0x08000598   0x292  stm32f10x_can.o [1]
  .text              ro code  0x0800082a    0x2e  copy_init3.o [5]
  .text              ro code  0x08000858   0x15e  stm32f10x_usart.o [1]
  .text              ro code  0x080009b6    0x22  zero_init3.o [5]
  .text              ro code  0x080009d8   0x19c  system_stm32f10x.o [1]
  .text              ro code  0x08000b74   0x224  stm32f10x_rcc.o [1]
  .text              ro code  0x08000d98   0x138  stm32f10x_gpio.o [1]
  .text              ro code  0x08000ed0    0x88  misc.o [1]
  .text              ro code  0x08000f58   0x194  stm32f10x_it.o [1]
  .text              ro code  0x080010ec    0x3a  stm32f10x_tim.o [1]
  .text              ro code  0x08001128    0x2c  data_init3.o [5]
  .iar.init_table    const    0x08001154    0x24  - Linker created -
  .text              ro code  0x08001178    0x1c  startup_stm32f10x_hd.o [1]
  .text              ro code  0x08001194    0x16  cmain.o [5]
  .text              ro code  0x080011aa     0x4  exit.o [3]
  .text              ro code  0x080011b0     0xa  cexit.o [5]
  .text              ro code  0x080011bc    0x14  exit.o [6]
  .text              ro code  0x080011d0     0xc  cstartup_M.o [5]
  .text              ro code  0x080011dc     0x4  startup_stm32f10x_hd.o [1]
  .text              ro code  0x080011e0     0x4  startup_stm32f10x_hd.o [1]
  .text              ro code  0x080011e4     0x4  startup_stm32f10x_hd.o [1]
  .text              ro code  0x080011e8     0x4  startup_stm32f10x_hd.o [1]
  .text              ro code  0x080011ec     0x4  startup_stm32f10x_hd.o [1]
  .text              ro code  0x080011f0     0x4  startup_stm32f10x_hd.o [1]
  .text              ro code  0x080011f4     0x4  startup_stm32f10x_hd.o [1]
  .text              ro code  0x080011f8     0x4  startup_stm32f10x_hd.o [1]
  .text              ro code  0x080011fc     0x4  startup_stm32f10x_hd.o [1]
  .text              ro code  0x08001200     0x4  startup_stm32f10x_hd.o [1]
  .text              ro code  0x08001204     0x4  startup_stm32f10x_hd.o [1]
  .text              ro code  0x08001208     0x4  startup_stm32f10x_hd.o [1]
  .text              ro code  0x0800120c     0x4  startup_stm32f10x_hd.o [1]
  .text              ro code  0x08001210     0x4  startup_stm32f10x_hd.o [1]
  .text              ro code  0x08001214     0x4  startup_stm32f10x_hd.o [1]
  .text              ro code  0x08001218     0x4  startup_stm32f10x_hd.o [1]
  .text              ro code  0x0800121c     0x4  startup_stm32f10x_hd.o [1]
  .text              ro code  0x08001220     0x4  startup_stm32f10x_hd.o [1]
  .text              ro code  0x08001224     0x4  startup_stm32f10x_hd.o [1]
  .text              ro code  0x08001228     0x4  startup_stm32f10x_hd.o [1]
  .text              ro code  0x0800122c     0x4  startup_stm32f10x_hd.o [1]
  .text              ro code  0x08001230     0x4  startup_stm32f10x_hd.o [1]
  .text              ro code  0x08001234     0x4  startup_stm32f10x_hd.o [1]
  .text              ro code  0x08001238     0x4  startup_stm32f10x_hd.o [1]
  .text              ro code  0x0800123c     0x4  startup_stm32f10x_hd.o [1]
  .text              ro code  0x08001240     0x4  startup_stm32f10x_hd.o [1]
  .text              ro code  0x08001244     0x4  startup_stm32f10x_hd.o [1]
  .text              ro code  0x08001248     0x4  startup_stm32f10x_hd.o [1]
  .text              ro code  0x0800124c     0x4  startup_stm32f10x_hd.o [1]
  .text              ro code  0x08001250     0x4  startup_stm32f10x_hd.o [1]
  .text              ro code  0x08001254     0x4  startup_stm32f10x_hd.o [1]
  .text              ro code  0x08001258     0x4  startup_stm32f10x_hd.o [1]
  .text              ro code  0x0800125c     0x4  startup_stm32f10x_hd.o [1]
  .text              ro code  0x08001260     0x4  startup_stm32f10x_hd.o [1]
  .text              ro code  0x08001264     0x4  startup_stm32f10x_hd.o [1]
  .text              ro code  0x08001268     0x4  startup_stm32f10x_hd.o [1]
  .text              ro code  0x0800126c     0x4  startup_stm32f10x_hd.o [1]
  .text              ro code  0x08001270     0x4  startup_stm32f10x_hd.o [1]
  .text              ro code  0x08001274     0x4  startup_stm32f10x_hd.o [1]
  .text              ro code  0x08001278     0x4  startup_stm32f10x_hd.o [1]
  .text              ro code  0x0800127c     0x4  startup_stm32f10x_hd.o [1]
  .text              ro code  0x08001280     0x4  startup_stm32f10x_hd.o [1]
  .text              ro code  0x08001284     0x4  startup_stm32f10x_hd.o [1]
  .text              ro code  0x08001288     0x4  startup_stm32f10x_hd.o [1]
  .text              ro code  0x0800128c     0x4  startup_stm32f10x_hd.o [1]
  .text              ro code  0x08001290     0x4  startup_stm32f10x_hd.o [1]
  .text              ro code  0x08001294     0x4  startup_stm32f10x_hd.o [1]
  .text              ro code  0x08001298     0x4  startup_stm32f10x_hd.o [1]
  .text              ro code  0x0800129c     0x4  startup_stm32f10x_hd.o [1]
  .text              ro code  0x080012a0     0x4  startup_stm32f10x_hd.o [1]
  .text              ro code  0x080012a4     0x4  startup_stm32f10x_hd.o [1]
  .text              ro code  0x080012a8     0x4  startup_stm32f10x_hd.o [1]
  .text              ro code  0x080012ac     0x4  startup_stm32f10x_hd.o [1]
  .text              ro code  0x080012b0     0x4  startup_stm32f10x_hd.o [1]
  .text              ro code  0x080012b4     0x4  startup_stm32f10x_hd.o [1]
  .text              ro code  0x080012b8     0x4  startup_stm32f10x_hd.o [1]
  .text              ro code  0x080012bc     0x4  startup_stm32f10x_hd.o [1]
  .text              ro code  0x080012c0     0x4  startup_stm32f10x_hd.o [1]
  .text              ro code  0x080012c4     0x4  startup_stm32f10x_hd.o [1]
  .text              ro code  0x080012c8     0x4  startup_stm32f10x_hd.o [1]
  .text              ro code  0x080012cc     0x4  startup_stm32f10x_hd.o [1]
  .text              ro code  0x080012d0     0x4  startup_stm32f10x_hd.o [1]
  .text              ro code  0x080012d4     0x4  startup_stm32f10x_hd.o [1]
  .text              ro code  0x080012d8     0x4  startup_stm32f10x_hd.o [1]
  .text              ro code  0x080012dc     0x4  startup_stm32f10x_hd.o [1]
  .text              ro code  0x080012e0     0x4  startup_stm32f10x_hd.o [1]
  .text              ro code  0x080012e4     0x4  startup_stm32f10x_hd.o [1]
  .text              ro code  0x080012e8     0x4  startup_stm32f10x_hd.o [1]
  .text              ro code  0x080012ec     0x4  startup_stm32f10x_hd.o [1]
  .rodata            const    0x080012f0     0x0  bwt_init3c.o [5]
  Initializer bytes  ro data  0x080012f0    0x14  <for P2 s0>
                            - 0x08001304  0x11d4

"P2", part 1 of 3:                          0x14
  P2 s0                       0x20000000    0x14  <Init block>
    .data            inited   0x20000000    0x10  stm32f10x_rcc.o [1]
    .data            inited   0x20000010     0x4  stm32f10x_rcc.o [1]
                            - 0x20000014    0x14

"P2", part 2 of 3:                          0x3c
  .bss               zero     0x20000014    0x10  main.o [1]
  .bss               zero     0x20000024    0x10  main.o [1]
  .bss               zero     0x20000034     0x8  main.o [1]
  .bss               zero     0x2000003c     0x4  main.o [1]
  .bss               zero     0x20000040     0x4  main.o [1]
  .bss               zero     0x20000044     0x4  main.o [1]
  .bss               zero     0x20000048     0x2  stm32f10x_it.o [1]
  .bss               zero     0x2000004a     0x1  main.o [1]
  .bss               zero     0x2000004b     0x1  main.o [1]
                            - 0x2000004c    0x38

"P2", part 3 of 3:                         0x400
  CSTACK                      0x20000050   0x400  <Block>
    CSTACK           uninit   0x20000050   0x400  <Block tail>
                            - 0x20000450   0x400


*******************************************************************************
*** INIT TABLE
***

          Address     Size
          -------     ----
Zero (__iar_zero_init3)
    1 destination range, total size 0x38:
          0x20000014  0x38

Copy (__iar_copy_init3)
    1 source range, total size 0x14:
          0x080012f0  0x14
    1 destination range, total size 0x14:
          0x20000000  0x14



*******************************************************************************
*** MODULE SUMMARY
***

    Module                  ro code  ro data  rw data
    ------                  -------  -------  -------
F:\Users\Android\Documents\GitHub\src_docs\Wireless_data_Send\LED_DRIVER_STM32F107\Project\Template\EWARMv5\STM3210C-EVAL\Obj: [1]
    main.o                    1 128                54
    misc.o                      136
    startup_stm32f10x_hd.o      608
    stm32f10x_can.o             658
    stm32f10x_gpio.o            312
    stm32f10x_it.o              404                 2
    stm32f10x_rcc.o             548       20       20
    stm32f10x_tim.o              58
    stm32f10x_usart.o           350
    system_stm32f10x.o          412
    -------------------------------------------------
    Total:                    4 614       20       76

command line: [2]
    -------------------------------------------------
    Total:

dl7M_tln.a: [3]
    exit.o                        4
    -------------------------------------------------
    Total:                        4

m7M_tl.a: [4]
    -------------------------------------------------
    Total:

rt7M_tl.a: [5]
    bwt_init3c.o
    cexit.o                      10
    cmain.o                      22
    copy_init3.o                 46
    cstartup_M.o                 12
    data_init3.o                 44
    zero_init3.o                 34
    -------------------------------------------------
    Total:                      168

shb_l.a: [6]
    exit.o                       20
    -------------------------------------------------
    Total:                       20

    Gaps                          6
    Linker created                        36    1 024
-----------------------------------------------------
    Grand Total:              4 812       56    1 100


*******************************************************************************
*** ENTRY LIST
***

Entry                      Address   Size  Type      Object
-----                      -------   ----  ----      ------
?main                   0x08001195         Code  Gb  cmain.o [5]
ADC1_2_IRQHandler       0x08001249         Code  Wk  startup_stm32f10x_hd.o [1]
ADC3_IRQHandler         0x080012bd         Code  Wk  startup_stm32f10x_hd.o [1]
ADCPrescTable           0x20000010    0x4  Data  Lc  stm32f10x_rcc.o [1]
APBAHBPrescTable        0x20000000   0x10  Data  Lc  stm32f10x_rcc.o [1]
BusFault_Handler        0x08000f5f    0x2  Code  Gb  stm32f10x_it.o [1]
CAN1_RX1_IRQHandler     0x08001255         Code  Wk  startup_stm32f10x_hd.o [1]
CAN1_SCE_IRQHandler     0x08001259         Code  Wk  startup_stm32f10x_hd.o [1]
CAN_Configuration       0x08000435  0x120  Code  Gb  main.o [1]
CAN_DeInit              0x08000599   0x36  Code  Gb  stm32f10x_can.o [1]
CAN_FilterInit          0x080006e7   0xe2  Code  Gb  stm32f10x_can.o [1]
CAN_ITConfig            0x08000815   0x16  Code  Gb  stm32f10x_can.o [1]
CAN_Init                0x080005cf  0x118  Code  Gb  stm32f10x_can.o [1]
CAN_StructInit          0x080007c9   0x2e  Code  Gb  stm32f10x_can.o [1]
CSTACK$$Base            0x20000050          --   Gb  - Linker created -
CSTACK$$Limit           0x20000450          --   Gb  - Linker created -
DMA1_Channel1_IRQHandler
                        0x0800122d         Code  Wk  startup_stm32f10x_hd.o [1]
DMA1_Channel2_IRQHandler
                        0x08001231         Code  Wk  startup_stm32f10x_hd.o [1]
DMA1_Channel3_IRQHandler
                        0x08001235         Code  Wk  startup_stm32f10x_hd.o [1]
DMA1_Channel4_IRQHandler
                        0x08001239         Code  Wk  startup_stm32f10x_hd.o [1]
DMA1_Channel5_IRQHandler
                        0x0800123d         Code  Wk  startup_stm32f10x_hd.o [1]
DMA1_Channel6_IRQHandler
                        0x08001241         Code  Wk  startup_stm32f10x_hd.o [1]
DMA1_Channel7_IRQHandler
                        0x08001245         Code  Wk  startup_stm32f10x_hd.o [1]
DMA2_Channel1_IRQHandler
                        0x080012e1         Code  Wk  startup_stm32f10x_hd.o [1]
DMA2_Channel2_IRQHandler
                        0x080012e5         Code  Wk  startup_stm32f10x_hd.o [1]
DMA2_Channel3_IRQHandler
                        0x080012e9         Code  Wk  startup_stm32f10x_hd.o [1]
DMA2_Channel4_5_IRQHandler
                        0x080012ed         Code  Wk  startup_stm32f10x_hd.o [1]
DebugMon_Handler        0x08000f65    0x2  Code  Gb  stm32f10x_it.o [1]
Delay                   0x08000555   0x14  Code  Gb  main.o [1]
EXTI0_IRQHandler        0x08001219         Code  Wk  startup_stm32f10x_hd.o [1]
EXTI15_10_IRQHandler    0x080012a1         Code  Wk  startup_stm32f10x_hd.o [1]
EXTI1_IRQHandler        0x0800121d         Code  Wk  startup_stm32f10x_hd.o [1]
EXTI2_IRQHandler        0x08001221         Code  Wk  startup_stm32f10x_hd.o [1]
EXTI3_IRQHandler        0x08001225         Code  Wk  startup_stm32f10x_hd.o [1]
EXTI4_IRQHandler        0x08001229         Code  Wk  startup_stm32f10x_hd.o [1]
EXTI9_5_IRQHandler      0x0800125d         Code  Wk  startup_stm32f10x_hd.o [1]
FLASH_IRQHandler        0x08001211         Code  Wk  startup_stm32f10x_hd.o [1]
FSMC_IRQHandler         0x080012c1         Code  Wk  startup_stm32f10x_hd.o [1]
GPIO_Configuration      0x08000203  0x130  Code  Gb  main.o [1]
GPIO_Init               0x08000d99  0x138  Code  Gb  stm32f10x_gpio.o [1]
HardFault_Handler       0x08000f5b    0x2  Code  Gb  stm32f10x_it.o [1]
I2C1_ER_IRQHandler      0x08001281         Code  Wk  startup_stm32f10x_hd.o [1]
I2C1_EV_IRQHandler      0x0800127d         Code  Wk  startup_stm32f10x_hd.o [1]
I2C2_ER_IRQHandler      0x08001289         Code  Wk  startup_stm32f10x_hd.o [1]
I2C2_EV_IRQHandler      0x08001285         Code  Wk  startup_stm32f10x_hd.o [1]
MemManage_Handler       0x08000f5d    0x2  Code  Gb  stm32f10x_it.o [1]
NMI_Handler             0x08000f59    0x2  Code  Gb  stm32f10x_it.o [1]
NVIC_Configuration      0x08000375   0xc0  Code  Gb  main.o [1]
NVIC_Init               0x08000edb   0x68  Code  Gb  misc.o [1]
NVIC_PriorityGroupConfig
                        0x08000ed1    0xa  Code  Gb  misc.o [1]
PVD_IRQHandler          0x08001205         Code  Wk  startup_stm32f10x_hd.o [1]
PendSV_Handler          0x08000f67    0x2  Code  Gb  stm32f10x_it.o [1]
RCC_APB1PeriphClockCmd  0x08000d33   0x1e  Code  Gb  stm32f10x_rcc.o [1]
RCC_APB1PeriphResetCmd  0x08000d51   0x1e  Code  Gb  stm32f10x_rcc.o [1]
RCC_APB2PeriphClockCmd  0x08000d15   0x1e  Code  Gb  stm32f10x_rcc.o [1]
RCC_Configuration       0x080001e7   0x1c  Code  Gb  main.o [1]
RCC_GetClocksFreq       0x08000b75  0x1a0  Code  Gb  stm32f10x_rcc.o [1]
RCC_IRQHandler          0x08001215         Code  Wk  startup_stm32f10x_hd.o [1]
RTCAlarm_IRQHandler     0x080012a5         Code  Wk  startup_stm32f10x_hd.o [1]
RTC_IRQHandler          0x0800120d         Code  Wk  startup_stm32f10x_hd.o [1]
Region$$Table$$Base     0x08001154          --   Gb  - Linker created -
Region$$Table$$Limit    0x08001178          --   Gb  - Linker created -
RxBuffer1               0x20000014   0x10  Data  Gb  main.o [1]
RxCounter1              0x2000004a    0x1  Data  Gb  main.o [1]
SDIO_IRQHandler         0x080012c5         Code  Wk  startup_stm32f10x_hd.o [1]
SPI1_IRQHandler         0x0800128d         Code  Wk  startup_stm32f10x_hd.o [1]
SPI2_IRQHandler         0x08001291         Code  Wk  startup_stm32f10x_hd.o [1]
SPI3_IRQHandler         0x080012cd         Code  Wk  startup_stm32f10x_hd.o [1]
SVC_Handler             0x08000f63    0x2  Code  Gb  stm32f10x_it.o [1]
SetSysClock             0x08000a37    0x8  Code  Lc  system_stm32f10x.o [1]
SetSysClockTo72         0x08000a3f  0x114  Code  Lc  system_stm32f10x.o [1]
SysTick_Handler         0x08000f69    0x2  Code  Gb  stm32f10x_it.o [1]
SystemInit              0x080009d9   0x5e  Code  Gb  system_stm32f10x.o [1]
SystemInit_ExtMemCtl    0x08001179         Code  Wk  startup_stm32f10x_hd.o [1]
TAMPER_IRQHandler       0x08001209         Code  Wk  startup_stm32f10x_hd.o [1]
TIM1_BRK_IRQHandler     0x08001261         Code  Wk  startup_stm32f10x_hd.o [1]
TIM1_CC_IRQHandler      0x0800126d         Code  Wk  startup_stm32f10x_hd.o [1]
TIM1_TRG_COM_IRQHandler
                        0x08001269         Code  Wk  startup_stm32f10x_hd.o [1]
TIM1_UP_IRQHandler      0x08001265         Code  Wk  startup_stm32f10x_hd.o [1]
TIM2_IRQHandler         0x08001051    0x2  Code  Gb  stm32f10x_it.o [1]
TIM3_IRQHandler         0x08001053   0x22  Code  Gb  stm32f10x_it.o [1]
TIM4_IRQHandler         0x08001075   0x22  Code  Gb  stm32f10x_it.o [1]
TIM5_IRQHandler         0x080012c9         Code  Wk  startup_stm32f10x_hd.o [1]
TIM6_IRQHandler         0x080012d9         Code  Wk  startup_stm32f10x_hd.o [1]
TIM7_IRQHandler         0x080012dd         Code  Wk  startup_stm32f10x_hd.o [1]
TIM8_BRK_IRQHandler     0x080012ad         Code  Wk  startup_stm32f10x_hd.o [1]
TIM8_CC_IRQHandler      0x080012b9         Code  Wk  startup_stm32f10x_hd.o [1]
TIM8_TRG_COM_IRQHandler
                        0x080012b5         Code  Wk  startup_stm32f10x_hd.o [1]
TIM8_UP_IRQHandler      0x080012b1         Code  Wk  startup_stm32f10x_hd.o [1]
TIM_ClearITPendingBit   0x0800111f    0x8  Code  Gb  stm32f10x_tim.o [1]
TIM_GetITStatus         0x080010ed   0x32  Code  Gb  stm32f10x_tim.o [1]
TxBuffer1               0x20000034    0x8  Data  Gb  main.o [1]
UART4_IRQHandler        0x08001097   0x2a  Code  Gb  stm32f10x_it.o [1]
UART5_IRQHandler        0x080012d5         Code  Wk  startup_stm32f10x_hd.o [1]
USART1_IRQHandler       0x08000f6b   0x3a  Code  Gb  stm32f10x_it.o [1]
USART2_IRQHandler       0x08000fa5   0x22  Code  Gb  stm32f10x_it.o [1]
USART3_IRQHandler       0x08000fc7   0x8a  Code  Gb  stm32f10x_it.o [1]
USART_ClearFlag         0x080009ab    0xc  Code  Gb  stm32f10x_usart.o [1]
USART_Cmd               0x08000909   0x1c  Code  Gb  stm32f10x_usart.o [1]
USART_Config            0x08000333   0x42  Code  Gb  main.o [1]
USART_GetFlagStatus     0x0800098b   0x20  Code  Gb  stm32f10x_usart.o [1]
USART_ITConfig          0x08000925   0x56  Code  Gb  stm32f10x_usart.o [1]
USART_Init              0x08000859   0xac  Code  Gb  stm32f10x_usart.o [1]
USART_InitStructure     0x20000024   0x10  Data  Gb  main.o [1]
USART_ReceiveData       0x08000983    0x8  Code  Gb  stm32f10x_usart.o [1]
USART_SendData          0x0800097b    0x8  Code  Gb  stm32f10x_usart.o [1]
USBWakeUp_IRQHandler    0x080012a9         Code  Wk  startup_stm32f10x_hd.o [1]
USB_HP_CAN1_TX_IRQHandler
                        0x0800124d         Code  Wk  startup_stm32f10x_hd.o [1]
USB_LP_CAN1_RX0_IRQHandler
                        0x08001251         Code  Wk  startup_stm32f10x_hd.o [1]
UsageFault_Handler      0x08000f61    0x2  Code  Gb  stm32f10x_it.o [1]
WWDG_IRQHandler         0x08001201         Code  Wk  startup_stm32f10x_hd.o [1]
__cmain                 0x08001195         Code  Gb  cmain.o [5]
__exit                  0x080011bd   0x14  Code  Gb  exit.o [6]
__iar_SB                0x080012f0         Data  Gb  bwt_init3c.o [5]
__iar_copy_init3        0x0800082b   0x2e  Code  Gb  copy_init3.o [5]
__iar_data_init3        0x08001129   0x2c  Code  Gb  data_init3.o [5]
__iar_program_start     0x080011d1         Code  Gb  cstartup_M.o [5]
__iar_zero_init3        0x080009b7   0x22  Code  Gb  zero_init3.o [5]
__low_level_init        0x0800117b         Code  Gb  startup_stm32f10x_hd.o [1]
__vector_table          0x08000000         Data  Gb  startup_stm32f10x_hd.o [1]
_call_main              0x080011a1         Code  Gb  cmain.o [5]
_exit                   0x080011b1         Code  Gb  cexit.o [5]
_main                   0x080011a7         Code  Gb  cmain.o [5]
aa                      0x20000048    0x2  Data  Gb  stm32f10x_it.o [1]
distance_vaild_flag     0x20000044    0x4  Data  Gb  main.o [1]
exit                    0x080011ab    0x4  Code  Gb  exit.o [3]
main                    0x08000131   0xb6  Code  Gb  main.o [1]
rec_f                   0x2000004b    0x1  Data  Gb  main.o [1]
send_wireless_flag      0x20000040    0x4  Data  Gb  main.o [1]
y_dir                   0x2000003c    0x4  Data  Gb  main.o [1]


[1] = F:\Users\Android\Documents\GitHub\src_docs\Wireless_data_Send\LED_DRIVER_STM32F107\Project\Template\EWARMv5\STM3210C-EVAL\Obj
[2] = command line
[3] = dl7M_tln.a
[4] = m7M_tl.a
[5] = rt7M_tl.a
[6] = shb_l.a

  4 812 bytes of readonly  code memory
     56 bytes of readonly  data memory
  1 100 bytes of readwrite data memory

Errors: none
Warnings: none
