###############################################################################
#                                                                             #
# IAR ELF Linker V6.30.1.53127/W32 for ARM              01/Jun/2014  10:04:39 #
# Copyright 2007-2011 IAR Systems AB.                                         #
#                                                                             #
#    Output file  =  F:\Users\Android\Documents\GitHub\Wireless_data_Send\LED #
#                    _DRIVER_STM32F107\Project\Template\EWARMv5\STM3210C-EVAL #
#                    \Exe\STM3210C-EVAL.out                                   #
#    Map file     =  F:\Users\Android\Documents\GitHub\Wireless_data_Send\LED #
#                    _DRIVER_STM32F107\Project\Template\EWARMv5\STM3210C-EVAL #
#                    \List\STM3210C-EVAL.map                                  #
#    Command line =  F:\Users\Android\Documents\GitHub\Wireless_data_Send\LED #
#                    _DRIVER_STM32F107\Project\Template\EWARMv5\STM3210C-EVAL #
#                    \Obj\core_cm3.o F:\Users\Android\Documents\GitHub\Wirele #
#                    ss_data_Send\LED_DRIVER_STM32F107\Project\Template\EWARM #
#                    v5\STM3210C-EVAL\Obj\hw_config.o                         #
#                    F:\Users\Android\Documents\GitHub\Wireless_data_Send\LED #
#                    _DRIVER_STM32F107\Project\Template\EWARMv5\STM3210C-EVAL #
#                    \Obj\main.o F:\Users\Android\Documents\GitHub\Wireless_d #
#                    ata_Send\LED_DRIVER_STM32F107\Project\Template\EWARMv5\S #
#                    TM3210C-EVAL\Obj\misc.o F:\Users\Android\Documents\GitHu #
#                    b\Wireless_data_Send\LED_DRIVER_STM32F107\Project\Templa #
#                    te\EWARMv5\STM3210C-EVAL\Obj\startup_stm32f10x_cl.o      #
#                    F:\Users\Android\Documents\GitHub\Wireless_data_Send\LED #
#                    _DRIVER_STM32F107\Project\Template\EWARMv5\STM3210C-EVAL #
#                    \Obj\stm32f10x_adc.o F:\Users\Android\Documents\GitHub\W #
#                    ireless_data_Send\LED_DRIVER_STM32F107\Project\Template\ #
#                    EWARMv5\STM3210C-EVAL\Obj\stm32f10x_bkp.o                #
#                    F:\Users\Android\Documents\GitHub\Wireless_data_Send\LED #
#                    _DRIVER_STM32F107\Project\Template\EWARMv5\STM3210C-EVAL #
#                    \Obj\stm32f10x_can.o F:\Users\Android\Documents\GitHub\W #
#                    ireless_data_Send\LED_DRIVER_STM32F107\Project\Template\ #
#                    EWARMv5\STM3210C-EVAL\Obj\stm32f10x_dac.o                #
#                    F:\Users\Android\Documents\GitHub\Wireless_data_Send\LED #
#                    _DRIVER_STM32F107\Project\Template\EWARMv5\STM3210C-EVAL #
#                    \Obj\stm32f10x_dma.o F:\Users\Android\Documents\GitHub\W #
#                    ireless_data_Send\LED_DRIVER_STM32F107\Project\Template\ #
#                    EWARMv5\STM3210C-EVAL\Obj\stm32f10x_exti.o               #
#                    F:\Users\Android\Documents\GitHub\Wireless_data_Send\LED #
#                    _DRIVER_STM32F107\Project\Template\EWARMv5\STM3210C-EVAL #
#                    \Obj\stm32f10x_fsmc.o F:\Users\Android\Documents\GitHub\ #
#                    Wireless_data_Send\LED_DRIVER_STM32F107\Project\Template #
#                    \EWARMv5\STM3210C-EVAL\Obj\stm32f10x_gpio.o              #
#                    F:\Users\Android\Documents\GitHub\Wireless_data_Send\LED #
#                    _DRIVER_STM32F107\Project\Template\EWARMv5\STM3210C-EVAL #
#                    \Obj\stm32f10x_it.o F:\Users\Android\Documents\GitHub\Wi #
#                    reless_data_Send\LED_DRIVER_STM32F107\Project\Template\E #
#                    WARMv5\STM3210C-EVAL\Obj\stm32f10x_pwr.o                 #
#                    F:\Users\Android\Documents\GitHub\Wireless_data_Send\LED #
#                    _DRIVER_STM32F107\Project\Template\EWARMv5\STM3210C-EVAL #
#                    \Obj\stm32f10x_rcc.o F:\Users\Android\Documents\GitHub\W #
#                    ireless_data_Send\LED_DRIVER_STM32F107\Project\Template\ #
#                    EWARMv5\STM3210C-EVAL\Obj\stm32f10x_rtc.o                #
#                    F:\Users\Android\Documents\GitHub\Wireless_data_Send\LED #
#                    _DRIVER_STM32F107\Project\Template\EWARMv5\STM3210C-EVAL #
#                    \Obj\stm32f10x_spi.o F:\Users\Android\Documents\GitHub\W #
#                    ireless_data_Send\LED_DRIVER_STM32F107\Project\Template\ #
#                    EWARMv5\STM3210C-EVAL\Obj\stm32f10x_tim.o                #
#                    F:\Users\Android\Documents\GitHub\Wireless_data_Send\LED #
#                    _DRIVER_STM32F107\Project\Template\EWARMv5\STM3210C-EVAL #
#                    \Obj\stm32f10x_usart.o F:\Users\Android\Documents\GitHub #
#                    \Wireless_data_Send\LED_DRIVER_STM32F107\Project\Templat #
#                    e\EWARMv5\STM3210C-EVAL\Obj\system_stm32f10x.o           #
#                    --redirect _Printf=_PrintfFull --redirect                #
#                    _Scanf=_ScanfFull -o F:\Users\Android\Documents\GitHub\W #
#                    ireless_data_Send\LED_DRIVER_STM32F107\Project\Template\ #
#                    EWARMv5\STM3210C-EVAL\Exe\STM3210C-EVAL.out --map        #
#                    F:\Users\Android\Documents\GitHub\Wireless_data_Send\LED #
#                    _DRIVER_STM32F107\Project\Template\EWARMv5\STM3210C-EVAL #
#                    \List\STM3210C-EVAL.map --config                         #
#                    F:\Users\Android\Documents\GitHub\Wireless_data_Send\LED #
#                    _DRIVER_STM32F107\Project\Template\EWARMv5\STM32F10x_FLA #
#                    SH.icf --semihosting --entry __iar_program_start --vfe   #
#                                                                             #
#                                                                             #
###############################################################################

*******************************************************************************
*** RUNTIME MODEL ATTRIBUTES
***

CppFlavor       = *
__SystemLibrary = DLib


*******************************************************************************
*** PLACEMENT SUMMARY
***

"A1":  place at 0x08000000 { ro section .intvec };
"P1":  place in [from 0x08000000 to 0x0807ffff] { ro };
"P2":  place in [from 0x20000000 to 0x2000ffff] { rw, block CSTACK, block HEAP };

  Section            Kind        Address    Size  Object
  -------            ----        -------    ----  ------
"A1":                                      0x150
  .intvec            ro code  0x08000000   0x150  startup_stm32f10x_cl.o [1]
                            - 0x08000150   0x150

"P1":                                     0x143c
  .text              ro code  0x08000150   0x460  main.o [1]
  .text              ro code  0x080005b0   0x386  stm32f10x_can.o [1]
  .text              ro code  0x08000936    0x2e  copy_init3.o [5]
  .text              ro code  0x08000964   0x15e  stm32f10x_usart.o [1]
  .text              ro code  0x08000ac2    0x22  zero_init3.o [5]
  .text              ro code  0x08000ae4    0x44  FltToS32.o [4]
  .text              ro code  0x08000b28   0x19c  system_stm32f10x.o [1]
  .text              ro code  0x08000cc4   0x224  stm32f10x_rcc.o [1]
  .text              ro code  0x08000ee8   0x138  stm32f10x_gpio.o [1]
  .text              ro code  0x08001020    0x88  misc.o [1]
  .text              ro code  0x080010a8   0x2c0  stm32f10x_it.o [1]
  .text              ro code  0x08001368    0x1e  I32ToFlt.o [4]
  .text              ro code  0x08001388    0x3a  stm32f10x_tim.o [1]
  .text              ro code  0x080013c4    0x2c  data_init3.o [5]
  .iar.init_table    const    0x080013f0    0x24  - Linker created -
  .text              ro code  0x08001414    0x16  cmain.o [5]
  .text              ro code  0x0800142a     0x4  low_level_init.o [3]
  .text              ro code  0x0800142e     0x4  exit.o [3]
  .text              ro code  0x08001434     0xa  cexit.o [5]
  .text              ro code  0x08001440    0x14  exit.o [6]
  .text              ro code  0x08001454     0xc  cstartup_M.o [5]
  .text              ro code  0x08001460     0x4  startup_stm32f10x_cl.o [1]
  .text              ro code  0x08001464     0x4  startup_stm32f10x_cl.o [1]
  .text              ro code  0x08001468     0x4  startup_stm32f10x_cl.o [1]
  .text              ro code  0x0800146c     0x4  startup_stm32f10x_cl.o [1]
  .text              ro code  0x08001470     0x4  startup_stm32f10x_cl.o [1]
  .text              ro code  0x08001474     0x4  startup_stm32f10x_cl.o [1]
  .text              ro code  0x08001478     0x4  startup_stm32f10x_cl.o [1]
  .text              ro code  0x0800147c     0x4  startup_stm32f10x_cl.o [1]
  .text              ro code  0x08001480     0x4  startup_stm32f10x_cl.o [1]
  .text              ro code  0x08001484     0x4  startup_stm32f10x_cl.o [1]
  .text              ro code  0x08001488     0x4  startup_stm32f10x_cl.o [1]
  .text              ro code  0x0800148c     0x4  startup_stm32f10x_cl.o [1]
  .text              ro code  0x08001490     0x4  startup_stm32f10x_cl.o [1]
  .text              ro code  0x08001494     0x4  startup_stm32f10x_cl.o [1]
  .text              ro code  0x08001498     0x4  startup_stm32f10x_cl.o [1]
  .text              ro code  0x0800149c     0x4  startup_stm32f10x_cl.o [1]
  .text              ro code  0x080014a0     0x4  startup_stm32f10x_cl.o [1]
  .text              ro code  0x080014a4     0x4  startup_stm32f10x_cl.o [1]
  .text              ro code  0x080014a8     0x4  startup_stm32f10x_cl.o [1]
  .text              ro code  0x080014ac     0x4  startup_stm32f10x_cl.o [1]
  .text              ro code  0x080014b0     0x4  startup_stm32f10x_cl.o [1]
  .text              ro code  0x080014b4     0x4  startup_stm32f10x_cl.o [1]
  .text              ro code  0x080014b8     0x4  startup_stm32f10x_cl.o [1]
  .text              ro code  0x080014bc     0x4  startup_stm32f10x_cl.o [1]
  .text              ro code  0x080014c0     0x4  startup_stm32f10x_cl.o [1]
  .text              ro code  0x080014c4     0x4  startup_stm32f10x_cl.o [1]
  .text              ro code  0x080014c8     0x4  startup_stm32f10x_cl.o [1]
  .text              ro code  0x080014cc     0x4  startup_stm32f10x_cl.o [1]
  .text              ro code  0x080014d0     0x4  startup_stm32f10x_cl.o [1]
  .text              ro code  0x080014d4     0x4  startup_stm32f10x_cl.o [1]
  .text              ro code  0x080014d8     0x4  startup_stm32f10x_cl.o [1]
  .text              ro code  0x080014dc     0x4  startup_stm32f10x_cl.o [1]
  .text              ro code  0x080014e0     0x4  startup_stm32f10x_cl.o [1]
  .text              ro code  0x080014e4     0x4  startup_stm32f10x_cl.o [1]
  .text              ro code  0x080014e8     0x4  startup_stm32f10x_cl.o [1]
  .text              ro code  0x080014ec     0x4  startup_stm32f10x_cl.o [1]
  .text              ro code  0x080014f0     0x4  startup_stm32f10x_cl.o [1]
  .text              ro code  0x080014f4     0x4  startup_stm32f10x_cl.o [1]
  .text              ro code  0x080014f8     0x4  startup_stm32f10x_cl.o [1]
  .text              ro code  0x080014fc     0x4  startup_stm32f10x_cl.o [1]
  .text              ro code  0x08001500     0x4  startup_stm32f10x_cl.o [1]
  .text              ro code  0x08001504     0x4  startup_stm32f10x_cl.o [1]
  .text              ro code  0x08001508     0x4  startup_stm32f10x_cl.o [1]
  .text              ro code  0x0800150c     0x4  startup_stm32f10x_cl.o [1]
  .text              ro code  0x08001510     0x4  startup_stm32f10x_cl.o [1]
  .text              ro code  0x08001514     0x4  startup_stm32f10x_cl.o [1]
  .text              ro code  0x08001518     0x4  startup_stm32f10x_cl.o [1]
  .text              ro code  0x0800151c     0x4  startup_stm32f10x_cl.o [1]
  .text              ro code  0x08001520     0x4  startup_stm32f10x_cl.o [1]
  .text              ro code  0x08001524     0x4  startup_stm32f10x_cl.o [1]
  .text              ro code  0x08001528     0x4  startup_stm32f10x_cl.o [1]
  .text              ro code  0x0800152c     0x4  startup_stm32f10x_cl.o [1]
  .text              ro code  0x08001530     0x4  startup_stm32f10x_cl.o [1]
  .text              ro code  0x08001534     0x4  startup_stm32f10x_cl.o [1]
  .text              ro code  0x08001538     0x4  startup_stm32f10x_cl.o [1]
  .text              ro code  0x0800153c     0x4  startup_stm32f10x_cl.o [1]
  .text              ro code  0x08001540     0x4  startup_stm32f10x_cl.o [1]
  .text              ro code  0x08001544     0x4  startup_stm32f10x_cl.o [1]
  .text              ro code  0x08001548     0x4  startup_stm32f10x_cl.o [1]
  .text              ro code  0x0800154c     0x4  startup_stm32f10x_cl.o [1]
  .text              ro code  0x08001550     0x4  startup_stm32f10x_cl.o [1]
  .text              ro code  0x08001554     0x4  startup_stm32f10x_cl.o [1]
  .text              ro code  0x08001558     0x4  startup_stm32f10x_cl.o [1]
  .text              ro code  0x0800155c     0x4  startup_stm32f10x_cl.o [1]
  .text              ro code  0x08001560     0x4  startup_stm32f10x_cl.o [1]
  .text              ro code  0x08001564     0x4  startup_stm32f10x_cl.o [1]
  .text              ro code  0x08001568     0x4  startup_stm32f10x_cl.o [1]
  .text              ro code  0x0800156c     0x4  startup_stm32f10x_cl.o [1]
  .text              ro code  0x08001570     0x4  startup_stm32f10x_cl.o [1]
  .text              ro code  0x08001574     0x4  startup_stm32f10x_cl.o [1]
  .rodata            const    0x08001578     0x0  bwt_init3c.o [5]
  Initializer bytes  ro data  0x08001578    0x14  <for P2 s0>
                            - 0x0800158c  0x143c

"P2", part 1 of 3:                          0x14
  P2 s0                       0x20000000    0x14  <Init block>
    .data            inited   0x20000000    0x10  stm32f10x_rcc.o [1]
    .data            inited   0x20000010     0x4  stm32f10x_rcc.o [1]
                            - 0x20000014    0x14

"P2", part 2 of 3:                          0x44
  .bss               zero     0x20000014    0x10  main.o [1]
  .bss               zero     0x20000024    0x10  main.o [1]
  .bss               zero     0x20000034     0x8  main.o [1]
  .bss               zero     0x2000003c     0x4  main.o [1]
  .bss               zero     0x20000040     0x4  main.o [1]
  .bss               zero     0x20000044     0x4  main.o [1]
  .bss               zero     0x20000048     0x4  main.o [1]
  .bss               zero     0x2000004c     0x4  main.o [1]
  .bss               zero     0x20000050     0x2  stm32f10x_it.o [1]
  .bss               zero     0x20000052     0x1  main.o [1]
  .bss               zero     0x20000053     0x1  main.o [1]
                            - 0x20000054    0x40

"P2", part 3 of 3:                         0x400
  CSTACK                      0x20000058   0x400  <Block>
    CSTACK           uninit   0x20000058   0x400  <Block tail>
                            - 0x20000458   0x400


*******************************************************************************
*** INIT TABLE
***

          Address     Size
          -------     ----
Zero (__iar_zero_init3)
    1 destination range, total size 0x40:
          0x20000014  0x40

Copy (__iar_copy_init3)
    1 source range, total size 0x14:
          0x08001578  0x14
    1 destination range, total size 0x14:
          0x20000000  0x14



*******************************************************************************
*** MODULE SUMMARY
***

    Module                  ro code  ro data  rw data
    ------                  -------  -------  -------
F:\Users\Android\Documents\GitHub\Wireless_data_Send\LED_DRIVER_STM32F107\Project\Template\EWARMv5\STM3210C-EVAL\Obj: [1]
    main.o                    1 120                62
    misc.o                      136
    startup_stm32f10x_cl.o      616
    stm32f10x_can.o             902
    stm32f10x_gpio.o            312
    stm32f10x_it.o              704                 2
    stm32f10x_rcc.o             548       20       20
    stm32f10x_tim.o              58
    stm32f10x_usart.o           350
    system_stm32f10x.o          412
    -------------------------------------------------
    Total:                    5 158       20       84

command line: [2]
    -------------------------------------------------
    Total:

dl7M_tln.a: [3]
    exit.o                        4
    low_level_init.o              4
    -------------------------------------------------
    Total:                        8

m7M_tl.a: [4]
    FltToS32.o                   68
    I32ToFlt.o                   30
    -------------------------------------------------
    Total:                       98

rt7M_tl.a: [5]
    bwt_init3c.o
    cexit.o                      10
    cmain.o                      22
    copy_init3.o                 46
    cstartup_M.o                 12
    data_init3.o                 44
    zero_init3.o                 34
    -------------------------------------------------
    Total:                      168

shb_l.a: [6]
    exit.o                       20
    -------------------------------------------------
    Total:                       20

    Gaps                          8
    Linker created                        36    1 024
-----------------------------------------------------
    Grand Total:              5 460       56    1 108


*******************************************************************************
*** ENTRY LIST
***

Entry                      Address   Size  Type      Object
-----                      -------   ----  ----      ------
?main                   0x08001415         Code  Gb  cmain.o [5]
ADC1_2_IRQHandler       0x080014cd         Code  Wk  startup_stm32f10x_cl.o [1]
ADCPrescTable           0x20000010    0x4  Data  Lc  stm32f10x_rcc.o [1]
APBAHBPrescTable        0x20000000   0x10  Data  Lc  stm32f10x_rcc.o [1]
BusFault_Handler        0x080010af    0x2  Code  Gb  stm32f10x_it.o [1]
CAN1_RX0_IRQHandler     0x08001117   0xfc  Code  Gb  stm32f10x_it.o [1]
CAN1_RX1_IRQHandler     0x080014d9         Code  Wk  startup_stm32f10x_cl.o [1]
CAN1_SCE_IRQHandler     0x080014dd         Code  Wk  startup_stm32f10x_cl.o [1]
CAN1_TX_IRQHandler      0x080014d1         Code  Wk  startup_stm32f10x_cl.o [1]
CAN2_RX0_IRQHandler     0x080012e3   0x12  Code  Gb  stm32f10x_it.o [1]
CAN2_RX1_IRQHandler     0x0800156d         Code  Wk  startup_stm32f10x_cl.o [1]
CAN2_SCE_IRQHandler     0x08001571         Code  Wk  startup_stm32f10x_cl.o [1]
CAN2_TX_IRQHandler      0x08001565         Code  Wk  startup_stm32f10x_cl.o [1]
CAN_Configuration       0x08000447  0x120  Code  Gb  main.o [1]
CAN_DeInit              0x080005b1   0x36  Code  Gb  stm32f10x_can.o [1]
CAN_FIFORelease         0x08000843   0x12  Code  Gb  stm32f10x_can.o [1]
CAN_FilterInit          0x080006ff   0xe2  Code  Gb  stm32f10x_can.o [1]
CAN_ITConfig            0x0800082d   0x16  Code  Gb  stm32f10x_can.o [1]
CAN_Init                0x080005e7  0x118  Code  Gb  stm32f10x_can.o [1]
CAN_Receive             0x08000855   0xe2  Code  Gb  stm32f10x_can.o [1]
CAN_StructInit          0x080007e1   0x2e  Code  Gb  stm32f10x_can.o [1]
CSTACK$$Base            0x20000058          --   Gb  - Linker created -
CSTACK$$Limit           0x20000458          --   Gb  - Linker created -
DMA1_Channel1_IRQHandler
                        0x080014b1         Code  Wk  startup_stm32f10x_cl.o [1]
DMA1_Channel2_IRQHandler
                        0x080014b5         Code  Wk  startup_stm32f10x_cl.o [1]
DMA1_Channel3_IRQHandler
                        0x080014b9         Code  Wk  startup_stm32f10x_cl.o [1]
DMA1_Channel4_IRQHandler
                        0x080014bd         Code  Wk  startup_stm32f10x_cl.o [1]
DMA1_Channel5_IRQHandler
                        0x080014c1         Code  Wk  startup_stm32f10x_cl.o [1]
DMA1_Channel6_IRQHandler
                        0x080014c5         Code  Wk  startup_stm32f10x_cl.o [1]
DMA1_Channel7_IRQHandler
                        0x080014c9         Code  Wk  startup_stm32f10x_cl.o [1]
DMA2_Channel1_IRQHandler
                        0x08001549         Code  Wk  startup_stm32f10x_cl.o [1]
DMA2_Channel2_IRQHandler
                        0x0800154d         Code  Wk  startup_stm32f10x_cl.o [1]
DMA2_Channel3_IRQHandler
                        0x08001551         Code  Wk  startup_stm32f10x_cl.o [1]
DMA2_Channel4_IRQHandler
                        0x08001555         Code  Wk  startup_stm32f10x_cl.o [1]
DMA2_Channel5_IRQHandler
                        0x08001559         Code  Wk  startup_stm32f10x_cl.o [1]
DebugMon_Handler        0x080010b5    0x2  Code  Gb  stm32f10x_it.o [1]
Delay                   0x08000567   0x14  Code  Gb  main.o [1]
ETH_IRQHandler          0x0800155d         Code  Wk  startup_stm32f10x_cl.o [1]
ETH_WKUP_IRQHandler     0x08001561         Code  Wk  startup_stm32f10x_cl.o [1]
EXTI0_IRQHandler        0x0800149d         Code  Wk  startup_stm32f10x_cl.o [1]
EXTI15_10_IRQHandler    0x08001525         Code  Wk  startup_stm32f10x_cl.o [1]
EXTI1_IRQHandler        0x080014a1         Code  Wk  startup_stm32f10x_cl.o [1]
EXTI2_IRQHandler        0x080014a5         Code  Wk  startup_stm32f10x_cl.o [1]
EXTI3_IRQHandler        0x080014a9         Code  Wk  startup_stm32f10x_cl.o [1]
EXTI4_IRQHandler        0x080014ad         Code  Wk  startup_stm32f10x_cl.o [1]
EXTI9_5_IRQHandler      0x080014e1         Code  Wk  startup_stm32f10x_cl.o [1]
FLASH_IRQHandler        0x08001495         Code  Wk  startup_stm32f10x_cl.o [1]
GPIO_Configuration      0x0800028d  0x130  Code  Gb  main.o [1]
GPIO_Init               0x08000ee9  0x138  Code  Gb  stm32f10x_gpio.o [1]
HardFault_Handler       0x080010ab    0x2  Code  Gb  stm32f10x_it.o [1]
I2C1_ER_IRQHandler      0x08001505         Code  Wk  startup_stm32f10x_cl.o [1]
I2C1_EV_IRQHandler      0x08001501         Code  Wk  startup_stm32f10x_cl.o [1]
I2C2_ER_IRQHandler      0x0800150d         Code  Wk  startup_stm32f10x_cl.o [1]
I2C2_EV_IRQHandler      0x08001509         Code  Wk  startup_stm32f10x_cl.o [1]
MemManage_Handler       0x080010ad    0x2  Code  Gb  stm32f10x_it.o [1]
NMI_Handler             0x080010a9    0x2  Code  Gb  stm32f10x_it.o [1]
NVIC_Configuration      0x080003ff   0x48  Code  Gb  main.o [1]
NVIC_Init               0x0800102b   0x68  Code  Gb  misc.o [1]
NVIC_PriorityGroupConfig
                        0x08001021    0xa  Code  Gb  misc.o [1]
OTG_FS_IRQHandler       0x08001575         Code  Wk  startup_stm32f10x_cl.o [1]
OTG_FS_WKUP_IRQHandler  0x0800152d         Code  Wk  startup_stm32f10x_cl.o [1]
PVD_IRQHandler          0x08001489         Code  Wk  startup_stm32f10x_cl.o [1]
PendSV_Handler          0x080010b7    0x2  Code  Gb  stm32f10x_it.o [1]
RCC_APB1PeriphClockCmd  0x08000e83   0x1e  Code  Gb  stm32f10x_rcc.o [1]
RCC_APB1PeriphResetCmd  0x08000ea1   0x1e  Code  Gb  stm32f10x_rcc.o [1]
RCC_APB2PeriphClockCmd  0x08000e65   0x1e  Code  Gb  stm32f10x_rcc.o [1]
RCC_Configuration       0x08000271   0x1c  Code  Gb  main.o [1]
RCC_GetClocksFreq       0x08000cc5  0x1a0  Code  Gb  stm32f10x_rcc.o [1]
RCC_IRQHandler          0x08001499         Code  Wk  startup_stm32f10x_cl.o [1]
RTCAlarm_IRQHandler     0x08001529         Code  Wk  startup_stm32f10x_cl.o [1]
RTC_IRQHandler          0x08001491         Code  Wk  startup_stm32f10x_cl.o [1]
Region$$Table$$Base     0x080013f0          --   Gb  - Linker created -
Region$$Table$$Limit    0x08001414          --   Gb  - Linker created -
RxBuffer1               0x20000014   0x10  Data  Gb  main.o [1]
RxCounter1              0x20000052    0x1  Data  Gb  main.o [1]
SPI1_IRQHandler         0x08001511         Code  Wk  startup_stm32f10x_cl.o [1]
SPI2_IRQHandler         0x08001515         Code  Wk  startup_stm32f10x_cl.o [1]
SPI3_IRQHandler         0x08001535         Code  Wk  startup_stm32f10x_cl.o [1]
SVC_Handler             0x080010b3    0x2  Code  Gb  stm32f10x_it.o [1]
SetSysClock             0x08000b87    0x8  Code  Lc  system_stm32f10x.o [1]
SetSysClockTo72         0x08000b8f  0x114  Code  Lc  system_stm32f10x.o [1]
SysTick_Handler         0x080010b9    0x2  Code  Gb  stm32f10x_it.o [1]
SystemInit              0x08000b29   0x5e  Code  Gb  system_stm32f10x.o [1]
TAMPER_IRQHandler       0x0800148d         Code  Wk  startup_stm32f10x_cl.o [1]
TIM1_BRK_IRQHandler     0x080014e5         Code  Wk  startup_stm32f10x_cl.o [1]
TIM1_CC_IRQHandler      0x080014f1         Code  Wk  startup_stm32f10x_cl.o [1]
TIM1_TRG_COM_IRQHandler
                        0x080014ed         Code  Wk  startup_stm32f10x_cl.o [1]
TIM1_UP_IRQHandler      0x080014e9         Code  Wk  startup_stm32f10x_cl.o [1]
TIM2_IRQHandler         0x0800129d    0x2  Code  Gb  stm32f10x_it.o [1]
TIM3_IRQHandler         0x0800129f   0x22  Code  Gb  stm32f10x_it.o [1]
TIM4_IRQHandler         0x080012c1   0x22  Code  Gb  stm32f10x_it.o [1]
TIM5_IRQHandler         0x08001531         Code  Wk  startup_stm32f10x_cl.o [1]
TIM6_IRQHandler         0x08001541         Code  Wk  startup_stm32f10x_cl.o [1]
TIM7_IRQHandler         0x08001545         Code  Wk  startup_stm32f10x_cl.o [1]
TIM_ClearITPendingBit   0x080013bb    0x8  Code  Gb  stm32f10x_tim.o [1]
TIM_GetITStatus         0x08001389   0x32  Code  Gb  stm32f10x_tim.o [1]
TxBuffer1               0x20000034    0x8  Data  Gb  main.o [1]
UART4_IRQHandler        0x080012f5   0x2a  Code  Gb  stm32f10x_it.o [1]
UART5_IRQHandler        0x0800153d         Code  Wk  startup_stm32f10x_cl.o [1]
USART1_IRQHandler       0x080010bb   0x3a  Code  Gb  stm32f10x_it.o [1]
USART2_IRQHandler       0x080010f5   0x22  Code  Gb  stm32f10x_it.o [1]
USART3_IRQHandler       0x08001213   0x8a  Code  Gb  stm32f10x_it.o [1]
USART_ClearFlag         0x08000ab7    0xc  Code  Gb  stm32f10x_usart.o [1]
USART_Cmd               0x08000a15   0x1c  Code  Gb  stm32f10x_usart.o [1]
USART_Config            0x080003bd   0x42  Code  Gb  main.o [1]
USART_GetFlagStatus     0x08000a97   0x20  Code  Gb  stm32f10x_usart.o [1]
USART_ITConfig          0x08000a31   0x56  Code  Gb  stm32f10x_usart.o [1]
USART_Init              0x08000965   0xac  Code  Gb  stm32f10x_usart.o [1]
USART_InitStructure     0x20000024   0x10  Data  Gb  main.o [1]
USART_ReceiveData       0x08000a8f    0x8  Code  Gb  stm32f10x_usart.o [1]
USART_SendData          0x08000a87    0x8  Code  Gb  stm32f10x_usart.o [1]
UsageFault_Handler      0x080010b1    0x2  Code  Gb  stm32f10x_it.o [1]
WWDG_IRQHandler         0x08001485         Code  Wk  startup_stm32f10x_cl.o [1]
__aeabi_f2iz            0x08000ae5         Code  Gb  FltToS32.o [4]
__aeabi_ui2f            0x08001369         Code  Gb  I32ToFlt.o [4]
__cmain                 0x08001415         Code  Gb  cmain.o [5]
__exit                  0x08001441   0x14  Code  Gb  exit.o [6]
__iar_SB                0x08001578         Data  Gb  bwt_init3c.o [5]
__iar_copy_init3        0x08000937   0x2e  Code  Gb  copy_init3.o [5]
__iar_data_init3        0x080013c5   0x2c  Code  Gb  data_init3.o [5]
__iar_program_start     0x08001455         Code  Gb  cstartup_M.o [5]
__iar_ui2f              0x0800136d         Code  Gb  I32ToFlt.o [4]
__iar_zero_init3        0x08000ac3   0x22  Code  Gb  zero_init3.o [5]
__low_level_init        0x0800142b    0x4  Code  Gb  low_level_init.o [3]
__vector_table          0x08000000         Data  Gb  startup_stm32f10x_cl.o [1]
_call_main              0x08001421         Code  Gb  cmain.o [5]
_exit                   0x08001435         Code  Gb  cexit.o [5]
_main                   0x08001427         Code  Gb  cmain.o [5]
aa                      0x20000050    0x2  Data  Gb  stm32f10x_it.o [1]
distance_vaild_flag     0x2000004c    0x4  Data  Gb  main.o [1]
exit                    0x0800142f    0x4  Code  Gb  exit.o [3]
main                    0x08000151  0x120  Code  Gb  main.o [1]
rec_f                   0x20000053    0x1  Data  Gb  main.o [1]
send_wireless_flag      0x20000048    0x4  Data  Gb  main.o [1]
x_bias                  0x20000040    0x4  Data  Gb  main.o [1]
y_bias                  0x20000044    0x4  Data  Gb  main.o [1]
y_dir                   0x2000003c    0x4  Data  Gb  main.o [1]


[1] = F:\Users\Android\Documents\GitHub\Wireless_data_Send\LED_DRIVER_STM32F107\Project\Template\EWARMv5\STM3210C-EVAL\Obj
[2] = command line
[3] = dl7M_tln.a
[4] = m7M_tl.a
[5] = rt7M_tl.a
[6] = shb_l.a

  5 460 bytes of readonly  code memory
     56 bytes of readonly  data memory
  1 108 bytes of readwrite data memory

Errors: none
Warnings: none
